<?xml version="1.0" encoding="UTF-8"?>
<TestRun id="0f5eb42c-04a2-480b-a419-d9ed43b2da73" name="Andy@ANDY-PC 2011-09-07 23:10:59" runUser="Andy-PC\Andy" xmlns="http://microsoft.com/schemas/VisualStudio/TeamTest/2010">
  <TestSettings name="Local" id="2deb2ab4-7477-4a1b-b3d4-da94ff23b825">
    <Description>These are default test settings for a local test run.</Description>
    <Deployment enabled="false" runDeploymentRoot="Andy_ANDY-PC 2011-09-07 23_10_59">
      <DeploymentItem filename="C:\Program Files\Gallio\bin\MbUnit35.dll" />
      <DeploymentItem filename="C:\Program Files\Gallio\bin\Gallio.dll" />
      <DeploymentItem filename="C:\Program Files\Gallio\bin\Gallio35.dll" />
      <DeploymentItem filename="C:\Program Files\Gallio\bin\MbUnit.dll" />
    </Deployment>
    <Execution>
      <TestTypeSpecific />
      <AgentRule name="Execution Agents">
      </AgentRule>
    </Execution>
  </TestSettings>
  <Times creation="2011-09-07T23:10:59.5146713+01:00" queuing="2011-09-07T23:10:59.5486733+01:00" start="2011-09-07T23:10:59.6116769+01:00" finish="2011-09-07T23:11:02.7337388+01:00" />
  <ResultSummary outcome="Completed">
    <Counters total="1" executed="1" passed="1" error="0" failed="0" timeout="0" aborted="0" inconclusive="0" passedButRunAborted="0" notRunnable="0" notExecuted="0" disconnected="0" warning="0" completed="0" inProgress="0" pending="0" />
  </ResultSummary>
  <TestDefinitions>
    <GallioTestElement name="Sample" storage="C:\Users\Andy\Desktop\Presentation\Code\MbUnit\SampleVStest\bin\Debug\SampleVStest.dll" id="31613265-6165-6562-6633-653537306438" d3p1:Gallio.TestId="e2a1eabef3e570d8" d3p1:Gallio.AssemblyName="SampleVStest, Version=1.0.0.0, Culture=neutral, PublicKeyToken=null" d3p1:Gallio.NamespaceName="SampleVStest" d3p1:Gallio.TypeName="SampleVStest.Test" d3p1:Gallio.MemberName="Sample" d3p1:Gallio.ParameterName="" d3p1:Gallio.Path="C:\Users\Andy\Desktop\Presentation\Code\MbUnit\SampleVStest\Test.cs" d3p1:Gallio.Line="10" d3p1:Gallio.Column="0" xmlns:d3p1="http://www.gallio.org/">
      <Execution id="57d2f274-1d77-43db-a080-c52bdebc2733" />
      <Properties>
        <Property>
          <Key>TestKind</Key>
          <Value>Test</Value>
        </Property>
      </Properties>
    </GallioTestElement>
  </TestDefinitions>
  <TestLists>
    <TestList name="Results Not in a List" id="8c84fa94-04c1-424b-9868-57a2d4851a1d" />
    <TestList name="All Loaded Results" id="19431567-8539-422a-85d7-44ee4e166bda" />
  </TestLists>
  <TestEntries>
    <TestEntry testId="31613265-6165-6562-6633-653537306438" executionId="57d2f274-1d77-43db-a080-c52bdebc2733" testListId="8c84fa94-04c1-424b-9868-57a2d4851a1d" />
  </TestEntries>
  <Results>
    <GallioTestResult executionId="57d2f274-1d77-43db-a080-c52bdebc2733" testId="31613265-6165-6562-6633-653537306438" testName="Sample" computerName="ANDY-PC" duration="00:00:00.0630000" startTime="2011-09-07T23:11:02.3337277+01:00" endTime="2011-09-07T23:11:02.4037278+01:00" testType="f3589083-259c-4054-87f7-75cdad4b08e5" outcome="Passed" testListId="8c84fa94-04c1-424b-9868-57a2d4851a1d" relativeResultsDirectory="57d2f274-1d77-43db-a080-c52bdebc2733">
    </GallioTestResult>
  </Results>
</TestRun>